// Jest Snapshot v1, https://goo.gl/fbAQLP

exports[`PeoplePage renders 1`] = `
<styled.div>
  <styled.div>
    <styled.table>
      <thead>
        <Styled(styled.tr)>
          <styled.th>
            Name
          </styled.th>
          <styled.th>
            Email
          </styled.th>
          <styled.th>
            Title
          </styled.th>
        </Styled(styled.tr)>
      </thead>
      <tbody>
        <styled.tr>
          <td>
            Marisa Casper
          </td>
          <td>
            isnaoj_nathz@ihooberbrunner.net
          </td>
          <td>
            Direct Security Representative
          </td>
        </styled.tr>
        <styled.tr>
          <td>
            Griffin Hand
          </td>
          <td>
            mamixe@lindgren.info
          </td>
          <td>
            International Usability Agent
          </td>
        </styled.tr>
      </tbody>
    </styled.table>
  </styled.div>
  <styled.div>
    <Styled(Link)
      to="/"
    >
      Home
    </Styled(Link)>
    <styled.button
      onClick={[Function]}
    >
      Analyze
    </styled.button>
  </styled.div>
</styled.div>
`;

exports[`PeoplePage with people data renders 1`] = `
<styled.div>
  <styled.div>
    <styled.table>
      <thead>
        <Styled(styled.tr)>
          <styled.th>
            Name
          </styled.th>
          <styled.th>
            Email
          </styled.th>
          <styled.th>
            Title
          </styled.th>
        </Styled(styled.tr)>
      </thead>
      <tbody>
        <styled.tr>
          <td>
            Marisa Casper
          </td>
          <td>
            isnaoj_nathz@ihooberbrunner.net
          </td>
          <td>
            Direct Security Representative
          </td>
        </styled.tr>
        <styled.tr>
          <td>
            Griffin Hand
          </td>
          <td>
            mamixe@lindgren.info
          </td>
          <td>
            International Usability Agent
          </td>
        </styled.tr>
      </tbody>
    </styled.table>
  </styled.div>
  <styled.div>
    <Styled(Link)
      to="/"
    >
      Home
    </Styled(Link)>
    <styled.button
      onClick={[Function]}
    >
      Analyze
    </styled.button>
  </styled.div>
</styled.div>
`;
